Command: C:\apps\Espressif\python_env\idf5.5_py3.11_env\Scripts\python.exe C:/esp-idf/tools/idf_monitor.py -p COM3 -b 115200 --toolchain-prefix xtensa-esp32s3-elf- --target esp32s3 --revision 0 C:\obsidian\main\mero\robot\build\robot.elf C:\obsidian\main\mero\robot\build\bootloader\bootloader.elf --force-color -m 'C:\apps\Espressif\python_env\idf5.5_py3.11_env\Scripts\python.exe' 'C:/esp-idf/\tools\idf.py' '-p' 'COM3'
�: 80MHz
[0;32mI (35) boot.�ESP-ROM:esp32s3-20210327[0m
Build:Mar 27 2021
rst:0x1 (POWERON),boot:0x8 (SPI_FAST_FLASH_BOOT)
SPIWP:0xee
mode:DIO, clock div:1
load:0x3fce2820,len:0x158c
load:0x403c8700,len:0xd24
load:0x403cb700,len:0x2f34
entry 0x403c8924
[0;32mI (24) boot: ESP-IDF v5.5.1 2nd stage bootloader[0m
[0;32mI (25) boot: compile time May 17 2026 17:28:09[0m
[0;32mI (25) boot: Multicore bootloader[0m
[0;32mI (25) boot: chip revision: v0.2[0m
[0;32mI (28) boot: efuse block revision: v1.3[0m
[0;32mI (31) boot.esp32s3: Boot SPI Speed : 80MHz[0m
[0;32mI (35) boot.esp32s3: SPI Mode       : DIO[0m
[0;32mI (39) boot.esp32s3: SPI Flash Size : 2MB[0m
[0;32mI (43) boot: Enabling RNG early entropy source...[0m
[0;32mI (47) boot: Partition Table:[0m
[0;32mI (50) boot: ## Label            Usage          Type ST Offset   Length[0m
[0;32mI (56) boot:  0 nvs              WiFi data        01 02 00009000 00006000[0m
[0;32mI (63) boot:  1 phy_init         RF data          01 01 0000f000 00001000[0m
[0;32mI (69) boot:  2 factory          factory app      00 00 00010000 00100000[0m
[0;32mI (76) boot: End of partition table[0m
[0;32mI (79) esp_image: segment 0: paddr=00010020 vaddr=3c060020 size=14a58h ( 84568) map[0m
[0;32mI (101) esp_image: segment 1: paddr=00024a80 vaddr=3fc99d00 size=03f6ch ( 16236) load[0m
[0;32mI (105) esp_image: segment 2: paddr=000289f4 vaddr=40374000 size=07624h ( 30244) load[0m
[0;32mI (112) esp_image: segment 3: paddr=00030020 vaddr=42000020 size=55a40h (350784) map[0m
[0;32mI (174) esp_image: segment 4: paddr=00085a68 vaddr=4037b624 size=0e5fch ( 58876) load[0m
[0;32mI (188) esp_image: segment 5: paddr=0009406c vaddr=50000000 size=00020h (    32) load[0m
[0;32mI (196) boot: Loaded app from partition at offset 0x10000[0m
[0;32mI (196) boot: Disabling RNG early entropy source...[0m
[0;32mI (207) cpu_start: Multicore app[0m
[0;32mI (216) cpu_start: Pro cpu start user code[0m
[0;32mI (216) cpu_start: cpu freq: 160000000 Hz[0m
[0;32mI (216) app_init: Application information:[0m
[0;32mI (216) app_init: Project name:     robot[0m
[0;32mI (219) app_init: App version:      ecd66a5-dirty[0m
[0;32mI (224) app_init: Compile time:     May 17 2026 17:27:57[0m
[0;32mI (229) app_init: ELF file SHA256:  a9b47ca59...[0m
[0;32mI (233) app_init: ESP-IDF:          v5.5.1[0m
[0;32mI (237) efuse_init: Min chip rev:     v0.0[0m
[0;32mI (241) efuse_init: Max chip rev:     v0.99 [0m
[0;32mI (245) efuse_init: Chip rev:         v0.2[0m
[0;32mI (249) heap_init: Initializing. RAM available for dynamic allocation:[0m
[0;32mI (255) heap_init: At 3FC9FE18 len 000498F8 (294 KiB): RAM[0m
[0;32mI (260) heap_init: At 3FCE9710 len 00005724 (21 KiB): RAM[0m
[0;32mI (265) heap_init: At 3FCF0000 len 00008000 (32 KiB): DRAM[0m
[0;32mI (271) heap_init: At 600FE000 len 00001FE8 (7 KiB): RTCRAM[0m
[0;32mI (277) spi_flash: detected chip: boya[0m
[0;32mI (279) spi_flash: flash io: dio[0m
[0;33mW (282) spi_flash: Detected size(16384k) larger than the size in the binary image header(2048k). Using the size in the binary image header.[0m
[0;32mI (295) sleep_gpio: Configure to isolate all GPIO pins in sleep state[0m
[0;32mI (301) sleep_gpio: Enable automatic switching of GPIO sleep configuration[0m
[0;32mI (308) coexist: coex firmware version: b0bcc39[0m
[0;32mI (326) coexist: coexist rom version e7ae62f[0m
[0;32mI (327) main_task: Started on CPU0[0m
[0;32mI (337) main_task: Calling app_main()[0m
[0;32mI (337) mero-robot: boot[0m
[0;32mI (347) BLE_INIT: BT controller compile version [2edb0b0][0m
[0;32mI (347) BLE_INIT: Using main XTAL as clock source[0m
[0;32mI (347) BLE_INIT: Feature Config, ADV:1, BLE_50:1, DTM:1, SCAN:1, CCA:0, SMP:1, CONNECT:1[0m
[0;32mI (347) BLE_INIT: Bluetooth MAC: 80:b5:4e:c3:75:a6[0m
[0;32mI (357) phy_init: phy_version 701,f4f1da3a,Mar  3 2025,15:50:10[0m
[0;32mI (397) NimBLE: GAP procedure initiated: stop advertising.[0m

[0;32mI (407) NimBLE: Failed to restore IRKs from store; status=8[0m

[0;32mI (407) NimBLE: GAP procedure initiated: advertise; [0m
[0;32mI (407) NimBLE: disc_mode=2[0m
[0;32mI (407) NimBLE:  adv_channel_map=0 own_addr_type=0 adv_filter_policy=0 adv_itvl_min=0 adv_itvl_max=0[0m
[0;32mI (417) NimBLE: [0m

[0;32mI (417) mero-robot: advertising started[0m
[0;32mI (427) mero-robot: BLE NimBLE server started[0m
[0;32mI (427) main_task: Returned from app_main()[0m
[0;32mI (677) mero-robot: controller connected, handle=1[0m
[0;32mI (5377) mero-robot: received: f[0m
[0;32mI (5377) mero-robot: forward[0m
[0;32mI (5527) mero-robot: received: s[0m
[0;32mI (5527) mero-robot: stop[0m
[0;32mI (5777) mero-robot: received: f[0m
[0;32mI (5777) mero-robot: forward[0m
[0;32mI (6177) mero-robot: received: s[0m
[0;32mI (6177) mero-robot: stop[0m
[0;32mI (6477) mero-robot: received: f[0m
[0;32mI (6477) mero-robot: forward[0m
[0;32mI (6677) mero-robot: received: s[0m
[0;32mI (6677) mero-robot: stop[0m
[0;32mI (6927) mero-robot: received: b[0m
[0;32mI (6927) mero-robot: back[0m
[0;32mI (7227) mero-robot: received: s[0m
[0;32mI (7227) mero-robot: stop[0m
[0;32mI (7477) mero-robot: received: b[0m
[0;32mI (7477) mero-robot: back[0m
[0;32mI (7727) mero-robot: received: s[0m
[0;32mI (7727) mero-robot: stop[0m
[0;32mI (8127) mero-robot: received: l[0m
[0;32mI (8127) mero-robot: left[0m
[0;32mI (8277) mero-robot: received: s[0m
[0;32mI (8277) mero-robot: stop[0m
[0;32mI (8477) mero-robot: received: l[0m
[0;32mI (8477) mero-robot: left[0m
[0;32mI (8627) mero-robot: received: s[0m
[0;32mI (8627) mero-robot: stop[0m
[0;32mI (8727) mero-robot: received: l[0m
[0;32mI (8727) mero-robot: left[0m
[0;32mI (8877) mero-robot: received: s[0m
[0;32mI (8877) mero-robot: stop[0m
[0;32mI (9627) mero-robot: received: r[0m
[0;32mI (9627) mero-robot: right[0m
[0;32mI (9777) mero-robot: received: s[0m
[0;32mI (9777) mero-robot: stop[0m
[0;32mI (10077) mero-robot: received: r[0m
[0;32mI (10077) mero-robot: right[0m
[0;32mI (10227) mero-robot: received: s[0m
[0;32mI (10227) mero-robot: stop[0m
[0;32mI (11327) mero-robot: received: b[0m
[0;32mI (11327) mero-robot: back[0m
[0;32mI (11477) mero-robot: received: s[0m
[0;32mI (11477) mero-robot: stop[0m
[0;32mI (12027) mero-robot: received: f[0m
[0;32mI (12027) mero-robot: forward[0m
[0;32mI (12177) mero-robot: received: s[0m
[0;32mI (12177) mero-robot: stop[0m
[0;32mI (12477) mero-robot: received: r[0m
[0;32mI (12477) mero-robot: right[0m
[0;32mI (12627) mero-robot: received: s[0m
[0;32mI (12627) mero-robot: stop[0m
[0;32mI (12777) mero-robot: received: f[0m
[0;32mI (12777) mero-robot: forward[0m
[0;32mI (12977) mero-robot: received: r[0m
[0;32mI (12977) mero-robot: right[0m
[0;32mI (13127) mero-robot: received: f[0m
[0;32mI (13127) mero-robot: forward[0m
[0;32mI (13327) mero-robot: received: r[0m
[0;32mI (13327) mero-robot: right[0m
[0;32mI (13427) mero-robot: received: f[0m
[0;32mI (13427) mero-robot: forward[0m
[0;32mI (13527) mero-robot: received: r[0m
[0;32mI (13527) mero-robot: right[0m
[0;32mI (13627) mero-robot: received: f[0m
[0;32mI (13627) mero-robot: forward[0m
[0;32mI (13727) mero-robot: received: r[0m
[0;32mI (13727) mero-robot: right[0m
[0;32mI (13827) mero-robot: received: f[0m
[0;32mI (13827) mero-robot: forward[0m
[0;32mI (14127) mero-robot: received: r[0m
[0;32mI (14127) mero-robot: right[0m
[0;32mI (14227) mero-robot: received: s[0m
[0;32mI (14227) mero-robot: stop[0m
[0;32mI (14427) mero-robot: received: r[0m
[0;32mI (14427) mero-robot: right[0m
[0;32mI (14577) mero-robot: received: s[0m
[0;32mI (14577) mero-robot: stop[0m
[0;32mI (14677) mero-robot: received: f[0m
[0;32mI (14677) mero-robot: forward[0m
[0;32mI (14777) mero-robot: received: s[0m
[0;32mI (14777) mero-robot: stop[0m
[0;32mI (15027) mero-robot: received: r[0m
[0;32mI (15027) mero-robot: right[0m
[0;32mI (15227) mero-robot: received: s[0m
[0;32mI (15227) mero-robot: stop[0m
[0;32mI (198737) mero-robot: received: f[0m
[0;32mI (198737) mero-robot: forward[0m
[0;32mI (198837) mero-robot: received: s[0m
[0;32mI (198837) mero-robot: stop[0m
[0;32mI (214337) mero-robot: received: f[0m
[0;32mI (214337) mero-robot: forward[0m
[0;32mI (214487) mero-robot: received: s[0m
[0;32mI (214487) mero-robot: stop[0m
[0;32mI (229887) mero-robot: received: b[0m
[0;32mI (229887) mero-robot: back[0m
[0;32mI (229987) mero-robot: received: s[0m
[0;32mI (229987) mero-robot: stop[0m
[0;32mI (236487) mero-robot: received: b[0m
[0;32mI (236487) mero-robot: back[0m
[0;32mI (236637) mero-robot: received: s[0m
[0;32mI (236637) mero-robot: stop[0m
[0;32mI (237337) mero-robot: received: b[0m
[0;32mI (237337) mero-robot: back[0m
[0;32mI (237437) mero-robot: received: s[0m
[0;32mI (237437) mero-robot: stop[0m
[0;32mI (252487) mero-robot: received: l[0m
[0;32mI (252487) mero-robot: left[0m
[0;32mI (252587) mero-robot: received: s[0m
[0;32mI (252587) mero-robot: stop[0m
[0;32mI (252787) mero-robot: received: l[0m
[0;32mI (252787) mero-robot: left[0m
[0;32mI (252887) mero-robot: received: s[0m
[0;32mI (252887) mero-robot: stop[0m
[0;32mI (253087) mero-robot: received: l[0m
[0;32mI (253087) mero-robot: left[0m
[0;32mI (253437) mero-robot: received: s[0m
[0;32mI (253437) mero-robot: stop[0m
[0;32mI (262437) mero-robot: received: r[0m
[0;32mI (262437) mero-robot: right[0m
[0;32mI (262537) mero-robot: received: s[0m
[0;32mI (262537) mero-robot: stop[0m
[0;32mI (262887) mero-robot: received: r[0m
[0;32mI (262887) mero-robot: right[0m
[0;32mI (262987) mero-robot: received: s[0m
[0;32mI (262987) mero-robot: stop[0m
